// Jest Snapshot v1, https://goo.gl/fbAQLP

exports[`Table row test 1`] = `
<tr
  class="jsde-table-row"
>
  <td
    class="mock-table-cell"
    title="t1"
  />
  <td
    class="mock-table-cell"
    title="t2"
  />
</tr>
`;
