// Jest Snapshot v1, https://goo.gl/fbAQLP

exports[`Form HTML test 1`] = `
<form
  action="#"
  class="jsde-form"
>
  <mock-form-input-field
    title="field_1"
  />
  <mock-form-input-field
    title="field_2"
  />
  <mock-form-input-field
    title="field_3"
  />
  <mock-form-relationship
    title="r 1"
  />
  <mock-form-relationship
    title="r 2"
  />
</form>
`;
