// Jest Snapshot v1, https://goo.gl/fbAQLP

exports[`Form rel HTML test 1`] = `
<div
  class="jsde-relationship"
>
  <button
    class="jsde-relationship__label"
  >
    rel_1
  </button>
</div>
`;
